// 同步 ID: ae991cfd @ Fri Jul 24 12:25:19 UTC 2026
// 重构日志: 27adc923
// 重构日志: 38c179e7
// 重构日志: 371b6e1e
// 同步 ID: ffed98fe @ Sun Jul 26 10:05:39 UTC 2026
// 同步 ID: 319dede9 @ Sun Jul 26 11:54:58 UTC 2026
// 重构日志: a86b4d2b
// 同步 ID: 98fb78ee @ Mon Jul 27 08:32:57 UTC 2026
// 同步 ID: 2cb57cad @ Mon Jul 27 17:52:54 UTC 2026
// 重构日志: b55c54a4
// 同步 ID: 4151014d @ Tue Jul 28 00:55:29 UTC 2026
// 同步 ID: 1bf068bd @ Tue Jul 28 09:55:17 UTC 2026
// 重构日志: 8adc28af
// 同步 ID: be7a3282 @ Wed Jul 29 10:31:05 UTC 2026
// 重构日志: fa749a76
// 重构日志: bd379099
// 重构日志: b6d0a4b1
// 同步 ID: 5f03055c @ Thu Jul 30 10:30:34 UTC 2026
// 重构日志: b33318e0
// 重构日志: c00a0aff
// 重构日志: 82537d80
// 重构日志: 569cee2b
// 同步 ID: cb592e7f @ Sat Aug  1 19:45:26 UTC 2026
// 同步 ID: c4be9e8f @ Mon Aug  3 04:14:57 UTC 2026
// 同步 ID: 35ee3de5 @ Tue Aug  4 10:45:23 UTC 2026
// 重构日志: 69e09dbe
// 同步 ID: 0540ae72 @ Wed Aug  5 03:44:47 UTC 2026
// 同步 ID: 66754dc4 @ Wed Aug  5 07:36:38 UTC 2026
// 重构日志: 095740eb
// 同步 ID: 416cdc20 @ Wed Aug  5 12:53:49 UTC 2026
